
[break_point] Paused at [32m<REPO>\examples\debugger\dbg_vars.ar[0m:25
[33m  23[0m        let xs = [1, 2, 3]
[33m  24[0m        mut acc = 0.0
[33m  25[0m [36m>>[0m     break_point
[33m  26[0m        acc = p.norm_sq()
[33m  27[0m        return acc
  Commands: <Enter> step | e step-into | o step-out | q resume
  Debug vars: let dbg::x = expr  |  access: dbg::x
(dbg) 3.0
(dbg) [1, 2, 3]
(dbg) (dbg) 7
(dbg) 2
(dbg) 
[break_point] Paused at [32m<REPO>\examples\debugger\dbg_vars.ar[0m:19
[33m  17[0m    
[33m  18[0m        fn norm_sq(self) -> float:
[33m  19[0m [36m>>[0m         return self.x * self.x + self.y * self.y
[33m  20[0m    
[33m  21[0m    fn run() -> float:
  Commands: <Enter> step | e step-into | o step-out | q resume
  Debug vars: let dbg::x = expr  |  access: dbg::x
(dbg) 3.0
(dbg) 4.0
(dbg) 
[break_point] Paused at [32m<REPO>\examples\debugger\dbg_vars.ar[0m:27
[33m  25[0m        break_point
[33m  26[0m        acc = p.norm_sq()
[33m  27[0m [36m>>[0m     return acc
[33m  28[0m    
[33m  29[0m    print(run())
  Commands: <Enter> step | e step-into | o step-out | q resume
  Debug vars: let dbg::x = expr  |  access: dbg::x
(dbg) 25.0
(dbg) 25.0

--stderr--