
[break_point] Paused at [32m<REPO>\examples\debugger\step_out_to_vm_caller.ar[0m:15
[33m  13[0m    fn probe(let a: int) -> int:
[33m  14[0m        let inside = a * 3
[33m  15[0m [36m>>[0m     break_point
[33m  16[0m        return inside
[33m  17[0m    
  Commands: <Enter> step | e step-into | o step-out | q resume
  Debug vars: let dbg::x = expr  |  access: dbg::x
(dbg) (dbg) 
[break_point] Paused at [32m<REPO>\examples\debugger\step_out_to_vm_caller.ar[0m:21
[33m  19[0m        let before = a + 1
[33m  20[0m        let got = probe(before)
[33m  21[0m [36m>>[0m     let after = got + 100
[33m  22[0m        return after
[33m  23[0m    
  Commands: <Enter> step | e step-into | o step-out | q resume
  Debug vars: let dbg::x = expr  |  access: dbg::x
(dbg) 18
(dbg) 6
(dbg) 118

--stderr--
  [dbg] Error: unexpected token: `?﻿`